utt1 [noise] [noise] one two three four five six seven eight
